------------------------------------------------------------
TimeQuest Timing Analyzer Summary
------------------------------------------------------------

Type  : Slow 1200mV 85C Model Setup 'myclk'
Slack : 3.722
TNS   : 0.000

Type  : Slow 1200mV 85C Model Hold 'myclk'
Slack : 0.356
TNS   : 0.000

Type  : Slow 1200mV 85C Model Recovery 'myclk'
Slack : 9.493
TNS   : 0.000

Type  : Slow 1200mV 85C Model Removal 'myclk'
Slack : 0.010
TNS   : 0.000

Type  : Slow 1200mV 85C Model Minimum Pulse Width 'myclk'
Slack : 4.673
TNS   : 0.000

Type  : Slow 1200mV 0C Model Setup 'myclk'
Slack : 4.424
TNS   : 0.000

Type  : Slow 1200mV 0C Model Hold 'myclk'
Slack : 0.311
TNS   : 0.000

Type  : Slow 1200mV 0C Model Recovery 'myclk'
Slack : 9.543
TNS   : 0.000

Type  : Slow 1200mV 0C Model Removal 'myclk'
Slack : 0.011
TNS   : 0.000

Type  : Slow 1200mV 0C Model Minimum Pulse Width 'myclk'
Slack : 4.693
TNS   : 0.000

Type  : Fast 1200mV 0C Model Setup 'myclk'
Slack : 6.122
TNS   : 0.000

Type  : Fast 1200mV 0C Model Hold 'myclk'
Slack : 0.186
TNS   : 0.000

Type  : Fast 1200mV 0C Model Recovery 'myclk'
Slack : 9.371
TNS   : 0.000

Type  : Fast 1200mV 0C Model Removal 'myclk'
Slack : 0.057
TNS   : 0.000

Type  : Fast 1200mV 0C Model Minimum Pulse Width 'myclk'
Slack : 4.442
TNS   : 0.000

------------------------------------------------------------
