------------------------------------------------------------
TimeQuest Timing Analyzer Summary
------------------------------------------------------------

Type  : Slow 1200mV 85C Model Setup 'myclk'
Slack : 3.259
TNS   : 0.000

Type  : Slow 1200mV 85C Model Hold 'myclk'
Slack : 0.354
TNS   : 0.000

Type  : Slow 1200mV 85C Model Recovery 'myclk'
Slack : 8.767
TNS   : 0.000

Type  : Slow 1200mV 85C Model Removal 'myclk'
Slack : 0.624
TNS   : 0.000

Type  : Slow 1200mV 85C Model Minimum Pulse Width 'myclk'
Slack : 4.667
TNS   : 0.000

Type  : Slow 1200mV 0C Model Setup 'myclk'
Slack : 4.028
TNS   : 0.000

Type  : Slow 1200mV 0C Model Hold 'myclk'
Slack : 0.308
TNS   : 0.000

Type  : Slow 1200mV 0C Model Recovery 'myclk'
Slack : 8.869
TNS   : 0.000

Type  : Slow 1200mV 0C Model Removal 'myclk'
Slack : 0.549
TNS   : 0.000

Type  : Slow 1200mV 0C Model Minimum Pulse Width 'myclk'
Slack : 4.693
TNS   : 0.000

Type  : Fast 1200mV 0C Model Setup 'myclk'
Slack : 5.689
TNS   : 0.000

Type  : Fast 1200mV 0C Model Hold 'myclk'
Slack : 0.185
TNS   : 0.000

Type  : Fast 1200mV 0C Model Recovery 'myclk'
Slack : 8.995
TNS   : 0.000

Type  : Fast 1200mV 0C Model Removal 'myclk'
Slack : 0.406
TNS   : 0.000

Type  : Fast 1200mV 0C Model Minimum Pulse Width 'myclk'
Slack : 4.442
TNS   : 0.000

------------------------------------------------------------
